// Jest Snapshot v1, https://goo.gl/fbAQLP

exports[`#newDeck generates a new deck with expected hex-values 1`] = `
Array [
  "1F0A1",
  "1F0A2",
  "1F0A3",
  "1F0A4",
  "1F0A5",
  "1F0A6",
  "1F0A7",
  "1F0A8",
  "1F0A9",
  "1F0A10",
  "1F0A11",
  "1F0A12",
  "1F0A13",
  "1F0B1",
  "1F0B2",
  "1F0B3",
  "1F0B4",
  "1F0B5",
  "1F0B6",
  "1F0B7",
  "1F0B8",
  "1F0B9",
  "1F0B10",
  "1F0B11",
  "1F0B12",
  "1F0B13",
  "1F0C1",
  "1F0C2",
  "1F0C3",
  "1F0C4",
  "1F0C5",
  "1F0C6",
  "1F0C7",
  "1F0C8",
  "1F0C9",
  "1F0C10",
  "1F0C11",
  "1F0C12",
  "1F0C13",
  "1F0D1",
  "1F0D2",
  "1F0D3",
  "1F0D4",
  "1F0D5",
  "1F0D6",
  "1F0D7",
  "1F0D8",
  "1F0D9",
  "1F0D10",
  "1F0D11",
  "1F0D12",
  "1F0D13",
]
`;
